// Jest Snapshot v1, https://goo.gl/fbAQLP

exports[`Key binding snake controls should turn left 1`] = `undefined`;
